[2m2026-07-23T17:10:21.685230Z[0m [32m INFO[0m [2mlirien::bridge[0m[2m:[0m Received source for 'quarter_round' (verify=true)
[2m2026-07-23T17:10:21.685726Z[0m [32m INFO[0m [2mlirien::cache[0m[2m:[0m Successfully loaded IR from cache.
[2m2026-07-23T17:10:21.685763Z[0m [32m INFO[0m [2mlirien::bridge[0m[2m:[0m IR Cache HIT for 'quarter_round' (hash: fc2b36f550629c07). Skipping AST & Z3 verification.
[2m2026-07-23T17:10:21.685863Z[0m [32m INFO[0m [2mlirien::jit[0m[2m:[0m Compiling SSA to Machine Code via Cranelift for 'quarter_round'...
[DEBUG] ISA pointer type: types::I64
[2m2026-07-23T17:10:21.686139Z[0m [32m INFO[0m [2mlirien::jit[0m[2m:[0m JIT initialized for aarch64 (aarch64) [SIMD: Neon]
[DEBUG] tuples stack_addr pointer type: types::I64
[2m2026-07-23T17:10:21.686335Z[0m [32m INFO[0m [2mcranelift_jit::backend[0m[2m:[0m defining function funcid0: function u0:0(i64, i64, i32, i32, i32, i32) system_v {
    ss0 = explicit_slot 16, align = 4

block0(v0: i64, v1: i64, v2: i32, v3: i32, v4: i32, v5: i32):
    v6 = iadd v2, v3
    v7 = bxor v5, v6
    v8 = iconst.i64 16
    v9 = ishl v7, v8  ; v8 = 16
    v10 = iconst.i64 16
    v11 = ushr v7, v10  ; v10 = 16
    v12 = bor v9, v11
    v13 = iadd v4, v12
    v14 = bxor v3, v13
    v15 = iconst.i64 12
    v16 = ishl v14, v15  ; v15 = 12
    v17 = iconst.i64 20
    v18 = ushr v14, v17  ; v17 = 20
    v19 = bor v16, v18
    v20 = iadd v6, v19
    v21 = bxor v12, v20
    v22 = iconst.i64 8
    v23 = ishl v21, v22  ; v22 = 8
    v24 = iconst.i64 24
    v25 = ushr v21, v24  ; v24 = 24
    v26 = bor v23, v25
    v27 = iadd v13, v26
    v28 = bxor v19, v27
    v29 = iconst.i64 7
    v30 = ishl v28, v29  ; v29 = 7
    v31 = iconst.i64 25
    v32 = ushr v28, v31  ; v31 = 25
    v33 = bor v30, v32
    v34 = stack_addr.i64 ss0
    store v20, v34
    v35 = stack_addr.i64 ss0+4
    store v33, v35
    v36 = stack_addr.i64 ss0+8
    store v27, v36
    v37 = stack_addr.i64 ss0+12
    store v26, v37
    v38 = stack_addr.i64 ss0
    store v20, v0
    store v33, v0+4
    store v27, v0+8
    store v26, v0+12
    return
}

[2m2026-07-23T17:10:21.687383Z[0m [32m INFO[0m [2mlirien::bridge[0m[2m:[0m Backend compilation complete for 'quarter_round', ptr: 7893322000
[2m2026-07-23T17:10:21.696608Z[0m [32m INFO[0m [2mlirien::bridge[0m[2m:[0m Received source for 'load_u32_le' (verify=true)
[2m2026-07-23T17:10:21.696755Z[0m [32m INFO[0m [2mlirien::bridge[0m[2m:[0m IR Cache MISS for 'load_u32_le' (hash: 0eaf0727daadcd5c). Proceeding with full verification pipeline.
[2m2026-07-23T17:10:21.697270Z[0m [32m INFO[0m [2mlirien::ssa[0m[2m:[0m Transforming AST to IR for 'load_u32_le'...
[DEBUG] s.body size for load_u32_le: 3
[DEBUG]   stmt 0: Assert(StmtAssert { range: 66..84, test: Compare(ExprCompare { range: 73..84, left: Name(ExprName { range: 73..79, id: Identifier("offset"), ctx: Load }), ops: [GtE], comparators: [Constant(ExprConstant { range: 83..84, value: Int(0), kind: None })] }), msg: None })
[DEBUG]   stmt 1: Assert(StmtAssert { range: 89..118, test: Compare(ExprCompare { range: 96..118, left: Name(ExprName { range: 96..102, id: Identifier("offset"), ctx: Load }), ops: [LtE], comparators: [BinOp(ExprBinOp { range: 106..118, left: Call(ExprCall { range: 106..114, func: Name(ExprName { range: 106..109, id: Identifier("len"), ctx: Load }), args: [Name(ExprName { range: 110..113, id: Identifier("buf"), ctx: Load })], keywords: [] }), op: Sub, right: Constant(ExprConstant { range: 117..118, value: Int(4), kind: None }) })] }), msg: None })
[DEBUG]   stmt 2: Return(StmtReturn { range: 123..278, value: Some(BinOp(ExprBinOp { range: 140..272, left: BinOp(ExprBinOp { range: 140..233, left: BinOp(ExprBinOp { range: 140..194, left: Call(ExprCall { range: 140..156, func: Name(ExprName { range: 140..143, id: Identifier("u32"), ctx: Load }), args: [Subscript(ExprSubscript { range: 144..155, value: Name(ExprName { range: 144..147, id: Identifier("buf"), ctx: Load }), slice: Name(ExprName { range: 148..154, id: Identifier("offset"), ctx: Load }), ctx: Load })], keywords: [] }), op: BitOr, right: BinOp(ExprBinOp { range: 168..193, left: Call(ExprCall { range: 168..188, func: Name(ExprName { range: 168..171, id: Identifier("u32"), ctx: Load }), args: [Subscript(ExprSubscript { range: 172..187, value: Name(ExprName { range: 172..175, id: Identifier("buf"), ctx: Load }), slice: BinOp(ExprBinOp { range: 176..186, left: Name(ExprName { range: 176..182, id: Identifier("offset"), ctx: Load }), op: Add, right: Constant(ExprConstant { range: 185..186, value: Int(1), kind: None }) }), ctx: Load })], keywords: [] }), op: LShift, right: Constant(ExprConstant { range: 192..193, value: Int(8), kind: None }) }) }), op: BitOr, right: BinOp(ExprBinOp { range: 206..232, left: Call(ExprCall { range: 206..226, func: Name(ExprName { range: 206..209, id: Identifier("u32"), ctx: Load }), args: [Subscript(ExprSubscript { range: 210..225, value: Name(ExprName { range: 210..213, id: Identifier("buf"), ctx: Load }), slice: BinOp(ExprBinOp { range: 214..224, left: Name(ExprName { range: 214..220, id: Identifier("offset"), ctx: Load }), op: Add, right: Constant(ExprConstant { range: 223..224, value: Int(2), kind: None }) }), ctx: Load })], keywords: [] }), op: LShift, right: Constant(ExprConstant { range: 230..232, value: Int(16), kind: None }) }) }), op: BitOr, right: BinOp(ExprBinOp { range: 245..271, left: Call(ExprCall { range: 245..265, func: Name(ExprName { range: 245..248, id: Identifier("u32"), ctx: Load }), args: [Subscript(ExprSubscript { range: 249..264, value: Name(ExprName { range: 249..252, id: Identifier("buf"), ctx: Load }), slice: BinOp(ExprBinOp { range: 253..263, left: Name(ExprName { range: 253..259, id: Identifier("offset"), ctx: Load }), op: Add, right: Constant(ExprConstant { range: 262..263, value: Int(3), kind: None }) }), ctx: Load })], keywords: [] }), op: LShift, right: Constant(ExprConstant { range: 269..271, value: Int(24), kind: None }) }) })) })
function load_u32_le {
b0:
  v3 = bufload v1[v2]  ; at offset 148
  v4 = call u32(v0, v3)  ; at offset 140
  v5 = pload *v0  ; at offset 140
  v6 = const_int 0  ; at offset 140
  v7 = ne v5, v6  ; at offset 140
  br v7, b2, b1  ; at offset 140
b1:
  v10 = const_int 1  ; at offset 185
  v11 = add v2, v10  ; at offset 176  ; constraints: [(= v11 (+ v2 v10))]
  v9 = bufload v1[v11]  ; at offset 176
  v12 = call u32(v0, v9)  ; at offset 168
  v13 = pload *v0  ; at offset 168
  v14 = const_int 0  ; at offset 168
  v15 = ne v13, v14  ; at offset 168
  br v15, b4, b3  ; at offset 168
b2:
  v8 = const_int 0  ; at offset 140
  ret v8  ; at offset 140
b3:
  v17 = const_int 8  ; at offset 192
  v18 = shl v12, v17  ; at offset 168  ; constraints: [(= v18 (<< v12 v17))]
  v19 = or v4, v18  ; at offset 140  ; constraints: [(= v19 (| v4 v18))]
  v21 = const_int 2  ; at offset 223
  v22 = add v2, v21  ; at offset 214  ; constraints: [(= v22 (+ v2 v21))]
  v20 = bufload v1[v22]  ; at offset 214
  v23 = call u32(v0, v20)  ; at offset 206
  v24 = pload *v0  ; at offset 206
  v25 = const_int 0  ; at offset 206
  v26 = ne v24, v25  ; at offset 206
  br v26, b6, b5  ; at offset 206
b4:
  v16 = const_int 0  ; at offset 168
  ret v16  ; at offset 168
b5:
  v28 = const_int 16  ; at offset 230
  v29 = shl v23, v28  ; at offset 206  ; constraints: [(= v29 (<< v23 v28))]
  v30 = or v19, v29  ; at offset 140  ; constraints: [(= v30 (| v19 v29))]
  v32 = const_int 3  ; at offset 262
  v33 = add v2, v32  ; at offset 253  ; constraints: [(= v33 (+ v2 v32))]
  v31 = bufload v1[v33]  ; at offset 253
  v34 = call u32(v0, v31)  ; at offset 245
  v35 = pload *v0  ; at offset 245
  v36 = const_int 0  ; at offset 245
  v37 = ne v35, v36  ; at offset 245
  br v37, b8, b7  ; at offset 245
b6:
  v27 = const_int 0  ; at offset 206
  ret v27  ; at offset 206
b7:
  v39 = const_int 24  ; at offset 269
  v40 = shl v34, v39  ; at offset 245  ; constraints: [(= v40 (<< v34 v39))]
  v41 = or v30, v40  ; at offset 140  ; constraints: [(= v41 (| v30 v40))]
  ret v41  ; at offset 140
b8:
  v38 = const_int 0  ; at offset 245
  ret v38  ; at offset 245
}
[2m2026-07-23T17:10:21.698047Z[0m [32m INFO[0m [2mlirien::bridge[0m[2m:[0m Processing SSA for 'load_u32_le'...
[2m2026-07-23T17:10:21.698079Z[0m [32m INFO[0m [2mlirien::verify[0m[2m:[0m Verifying function 'load_u32_le'...
[2m2026-07-23T17:10:21.698087Z[0m [32m INFO[0m [2mlirien::verify[0m[2m:[0m Running liveness analysis for 'load_u32_le'...
[2m2026-07-23T17:10:21.698192Z[0m [32m INFO[0m [2mlirien::verify[0m[2m:[0m Running interval analysis for 'load_u32_le'...
[2m2026-07-23T17:10:21.698244Z[0m [32m INFO[0m [2mlirien::verify[0m[2m:[0m Starting verification for 'load_u32_le'...
[DEBUG] assert_preconditions: prec = (>= v2 0), parsed to Z3 successfully
[DEBUG] assert_preconditions: prec = (<= v2 (- (len v1) 4)), parsed to Z3 successfully
[DEBUG] translate_instructions for function: load_u32_le
[DEBUG]   block id: BlockId(0)
[DEBUG]     inst kind: BufferLoad(Value(3), Value(1), Value(2))
[DEBUG]     inst kind: Call(Value(4), "u32", [Value(0), Value(3)])
[DEBUG]     inst kind: PointerLoad(Value(5), Value(0))
[DEBUG]     inst kind: ConstInt(Value(6), 0)
[DEBUG]     inst kind: Ne(Value(7), Value(5), Value(6))
[DEBUG]     inst kind: Branch(Value(7), BlockId(2), BlockId(1))
[DEBUG]   block id: BlockId(1)
[DEBUG]     inst kind: ConstInt(Value(10), 1)
[DEBUG]     inst kind: Add(Value(11), Value(2), Value(10))
[DEBUG]     inst kind: BufferLoad(Value(9), Value(1), Value(11))
[DEBUG]     inst kind: Call(Value(12), "u32", [Value(0), Value(9)])
[DEBUG]     inst kind: PointerLoad(Value(13), Value(0))
[DEBUG]     inst kind: ConstInt(Value(14), 0)
[DEBUG]     inst kind: Ne(Value(15), Value(13), Value(14))
[DEBUG]     inst kind: Branch(Value(15), BlockId(4), BlockId(3))
[DEBUG]   block id: BlockId(2)
[DEBUG]     inst kind: ConstInt(Value(8), 0)
[DEBUG]     inst kind: Return(Some(Value(8)))
[DEBUG]   block id: BlockId(3)
[DEBUG]     inst kind: ConstInt(Value(17), 8)
[DEBUG]     inst kind: Shl(Value(18), Value(12), Value(17))
[DEBUG]     inst kind: Or(Value(19), Value(4), Value(18))
[DEBUG]     inst kind: ConstInt(Value(21), 2)
[DEBUG]     inst kind: Add(Value(22), Value(2), Value(21))
[DEBUG]     inst kind: BufferLoad(Value(20), Value(1), Value(22))
[DEBUG]     inst kind: Call(Value(23), "u32", [Value(0), Value(20)])
[DEBUG]     inst kind: PointerLoad(Value(24), Value(0))
[DEBUG]     inst kind: ConstInt(Value(25), 0)
[DEBUG]     inst kind: Ne(Value(26), Value(24), Value(25))
[DEBUG]     inst kind: Branch(Value(26), BlockId(6), BlockId(5))
[DEBUG]   block id: BlockId(4)
[DEBUG]     inst kind: ConstInt(Value(16), 0)
[DEBUG]     inst kind: Return(Some(Value(16)))
[DEBUG]   block id: BlockId(5)
[DEBUG]     inst kind: ConstInt(Value(28), 16)
[DEBUG]     inst kind: Shl(Value(29), Value(23), Value(28))
[DEBUG]     inst kind: Or(Value(30), Value(19), Value(29))
[DEBUG]     inst kind: ConstInt(Value(32), 3)
[DEBUG]     inst kind: Add(Value(33), Value(2), Value(32))
[DEBUG]     inst kind: BufferLoad(Value(31), Value(1), Value(33))
[DEBUG]     inst kind: Call(Value(34), "u32", [Value(0), Value(31)])
[DEBUG]     inst kind: PointerLoad(Value(35), Value(0))
[DEBUG]     inst kind: ConstInt(Value(36), 0)
[DEBUG]     inst kind: Ne(Value(37), Value(35), Value(36))
[DEBUG]     inst kind: Branch(Value(37), BlockId(8), BlockId(7))
[DEBUG]   block id: BlockId(6)
[DEBUG]     inst kind: ConstInt(Value(27), 0)
[DEBUG]     inst kind: Return(Some(Value(27)))
[DEBUG]   block id: BlockId(7)
[DEBUG]     inst kind: ConstInt(Value(39), 24)
[DEBUG]     inst kind: Shl(Value(40), Value(34), Value(39))
[DEBUG]     inst kind: Or(Value(41), Value(30), Value(40))
[DEBUG]     inst kind: Return(Some(Value(41)))
[DEBUG]   block id: BlockId(8)
[DEBUG]     inst kind: ConstInt(Value(38), 0)
[DEBUG]     inst kind: Return(Some(Value(38)))
[2m2026-07-23T17:10:21.716165Z[0m [32m INFO[0m [2mlirien::verify::verifier[0m[2m:[0m Translating instructions for 'load_u32_le'...
[2m2026-07-23T17:10:21.716371Z[0m [32m INFO[0m [2mlirien::verify[0m[2m:[0m Translating instruction: ConstInt(Value(6), 0)
[2m2026-07-23T17:10:21.716414Z[0m [32m INFO[0m [2mlirien::verify[0m[2m:[0m Translating instruction: Ne(Value(7), Value(5), Value(6))
[2m2026-07-23T17:10:21.716538Z[0m [32m INFO[0m [2mlirien::verify[0m[2m:[0m Translating instruction: ConstInt(Value(10), 1)
[2m2026-07-23T17:10:21.716569Z[0m [32m INFO[0m [2mlirien::verify[0m[2m:[0m Translating instruction: Add(Value(11), Value(2), Value(10))
[2m2026-07-23T17:10:21.716923Z[0m [32m INFO[0m [2mlirien::verify[0m[2m:[0m Translating instruction: ConstInt(Value(14), 0)
[2m2026-07-23T17:10:21.716956Z[0m [32m INFO[0m [2mlirien::verify[0m[2m:[0m Translating instruction: Ne(Value(15), Value(13), Value(14))
[2m2026-07-23T17:10:21.717026Z[0m [32m INFO[0m [2mlirien::verify[0m[2m:[0m Translating instruction: ConstInt(Value(8), 0)
[2m2026-07-23T17:10:21.717052Z[0m [32m INFO[0m [2mlirien::verify[0m[2m:[0m Translating instruction: ConstInt(Value(17), 8)
[2m2026-07-23T17:10:21.717076Z[0m [32m INFO[0m [2mlirien::verify[0m[2m:[0m Translating instruction: Shl(Value(18), Value(12), Value(17))
[2m2026-07-23T17:10:21.717241Z[0m [32m INFO[0m [2mlirien::verify[0m[2m:[0m Translating instruction: Or(Value(19), Value(4), Value(18))
[2m2026-07-23T17:10:21.717365Z[0m [32m INFO[0m [2mlirien::verify[0m[2m:[0m Translating instruction: ConstInt(Value(21), 2)
[2m2026-07-23T17:10:21.717392Z[0m [32m INFO[0m [2mlirien::verify[0m[2m:[0m Translating instruction: Add(Value(22), Value(2), Value(21))
[2m2026-07-23T17:10:21.717627Z[0m [32m INFO[0m [2mlirien::verify[0m[2m:[0m Translating instruction: ConstInt(Value(25), 0)
[2m2026-07-23T17:10:21.717648Z[0m [32m INFO[0m [2mlirien::verify[0m[2m:[0m Translating instruction: Ne(Value(26), Value(24), Value(25))
[2m2026-07-23T17:10:21.717724Z[0m [32m INFO[0m [2mlirien::verify[0m[2m:[0m Translating instruction: ConstInt(Value(16), 0)
[2m2026-07-23T17:10:21.717744Z[0m [32m INFO[0m [2mlirien::verify[0m[2m:[0m Translating instruction: ConstInt(Value(28), 16)
[2m2026-07-23T17:10:21.717775Z[0m [32m INFO[0m [2mlirien::verify[0m[2m:[0m Translating instruction: Shl(Value(29), Value(23), Value(28))
[2m2026-07-23T17:10:21.717892Z[0m [32m INFO[0m [2mlirien::verify[0m[2m:[0m Translating instruction: Or(Value(30), Value(19), Value(29))
[2m2026-07-23T17:10:21.717998Z[0m [32m INFO[0m [2mlirien::verify[0m[2m:[0m Translating instruction: ConstInt(Value(32), 3)
[2m2026-07-23T17:10:21.718024Z[0m [32m INFO[0m [2mlirien::verify[0m[2m:[0m Translating instruction: Add(Value(33), Value(2), Value(32))
[2m2026-07-23T17:10:21.718236Z[0m [32m INFO[0m [2mlirien::verify[0m[2m:[0m Translating instruction: ConstInt(Value(36), 0)
[2m2026-07-23T17:10:21.718257Z[0m [32m INFO[0m [2mlirien::verify[0m[2m:[0m Translating instruction: Ne(Value(37), Value(35), Value(36))
[2m2026-07-23T17:10:21.718319Z[0m [32m INFO[0m [2mlirien::verify[0m[2m:[0m Translating instruction: ConstInt(Value(27), 0)
[2m2026-07-23T17:10:21.718338Z[0m [32m INFO[0m [2mlirien::verify[0m[2m:[0m Translating instruction: ConstInt(Value(39), 24)
[2m2026-07-23T17:10:21.718364Z[0m [32m INFO[0m [2mlirien::verify[0m[2m:[0m Translating instruction: Shl(Value(40), Value(34), Value(39))
[2m2026-07-23T17:10:21.718478Z[0m [32m INFO[0m [2mlirien::verify[0m[2m:[0m Translating instruction: Or(Value(41), Value(30), Value(40))
[2m2026-07-23T17:10:21.718600Z[0m [32m INFO[0m [2mlirien::verify[0m[2m:[0m Translating instruction: ConstInt(Value(38), 0)
Traceback (most recent call last):
  File "/data/data/com.termux/files/home/Lirien/python/lirien/decorators.py", line 817, in decorator
    code_ptr = lirien_bridge.verify_and_compile(
        source,
    ...<7 lines>...
        verify,
    )
RuntimeError: Potential out-of-bounds buffer access (index < 0) at v3 (counterexample: buf = #x1fbfff66edffff87, offset = #x8000000000000001) at offset 148

The above exception was the direct cause of the following exception:

Traceback (most recent call last):
  File "<frozen runpy>", line 203, in _run_module_as_main
  File "<frozen runpy>", line 88, in _run_code
  File "/data/data/com.termux/files/usr/lib/python3.14/unittest/__main__.py", line 18, in <module>
    main(module=None)
    ~~~~^^^^^^^^^^^^^
  File "/data/data/com.termux/files/usr/lib/python3.14/unittest/main.py", line 103, in __init__
    self.parseArgs(argv)
    ~~~~~~~~~~~~~~^^^^^^
  File "/data/data/com.termux/files/usr/lib/python3.14/unittest/main.py", line 142, in parseArgs
    self.createTests()
    ~~~~~~~~~~~~~~~~^^
  File "/data/data/com.termux/files/usr/lib/python3.14/unittest/main.py", line 153, in createTests
    self.test = self.testLoader.loadTestsFromNames(self.testNames,
                ~~~~~~~~~~~~~~~~~~~~~~~~~~~~~~~~~~^^^^^^^^^^^^^^^^
                                                   self.module)
                                                   ^^^^^^^^^^^^
  File "/data/data/com.termux/files/usr/lib/python3.14/unittest/loader.py", line 207, in loadTestsFromNames
    suites = [self.loadTestsFromName(name, module) for name in names]
              ~~~~~~~~~~~~~~~~~~~~~~^^^^^^^^^^^^^^
  File "/data/data/com.termux/files/usr/lib/python3.14/unittest/loader.py", line 137, in loadTestsFromName
    module = __import__(module_name)
  File "/data/data/com.termux/files/home/Lirien/tests/python/stdlib/test_crypto.py", line 2, in <module>
    from lirien import u8, Buffer, crypto
  File "/data/data/com.termux/files/home/Lirien/python/lirien/__init__.py", line 51, in <module>
    from .stdlib import num
  File "/data/data/com.termux/files/home/Lirien/python/lirien/stdlib/__init__.py", line 2, in <module>
    from . import crypto
  File "/data/data/com.termux/files/home/Lirien/python/lirien/stdlib/crypto/__init__.py", line 1, in <module>
    from .primitives import hchacha20, chacha20_block, poly1305_mac_aead
  File "/data/data/com.termux/files/home/Lirien/python/lirien/stdlib/crypto/primitives.py", line 24, in <module>
    @verify
     ^^^^^^
  File "/data/data/com.termux/files/home/Lirien/python/lirien/decorators.py", line 737, in verify
    return globals()["verify"](strict=True, verify=verify)(func)
           ~~~~~~~~~~~~~~~~~~~~~~~~~~~~~~~~~~~~~~~~~~~~~~~^^^^^^
  File "/data/data/com.termux/files/home/Lirien/python/lirien/decorators.py", line 853, in decorator
    raise VerificationError(error_msg) from e
lirien.diagnostics.VerificationError: Lirien Verification Failed for 'load_u32_le': Potential out-of-bounds buffer access (index < 0) at v3 (counterexample: buf = #x1fbfff66edffff87, offset = #x8000000000000001)
  at line 6, col 17:

     5 |     return (
>    6 |         u32(buf[offset])
       |                 ^
     7 |         | (u32(buf[offset + 1]) << 8)
[Lirien] JIT compiled 'quarter_round' successfully.
